[2026-06-13 01:10:13] ================================================================================
[2026-06-13 01:10:13] Starting LOCAL integration for: CombinedHL_EPR_SwingSL_EA_v2
[2026-06-13 01:10:13] Timestamp: 2026-06-13 01:10:13.078884
[2026-06-13 01:10:13] ================================================================================
[2026-06-13 01:10:13] Reading EA file: CombinedHL_EPR_SwingSL_EA_v2.mq5
[2026-06-13 01:10:13]   Size: 57470 characters
[2026-06-13 01:10:13] Loading RegimeFilterLib.mqh template...
[2026-06-13 01:10:13]   Size: 16121 characters
[2026-06-13 01:10:13] Starting LOCAL integration (no AI needed)...
[2026-06-13 01:10:13] Starting LOCAL rule-based integration...
[2026-06-13 01:10:13] Step 0: Checking for conflicts with library function names...
[2026-06-13 01:10:13]   No conflicting functions found.
[2026-06-13 01:10:13] Step 1: Adding library include...
[2026-06-13 01:10:13] SUCCESS: Library include added after includes
[2026-06-13 01:10:13] Step 2: Adding input parameters at global scope...
[2026-06-13 01:10:13] SUCCESS: Input parameters added at global scope
[2026-06-13 01:10:13] Step 3: Adding OnInit integration...
[2026-06-13 01:10:13] SUCCESS: OnInit integration added
[2026-06-13 01:10:13] Step 4: Adding OnTick integration...
[2026-06-13 01:10:13] SUCCESS: OnTick integration added
[2026-06-13 01:10:13] Step 5: Adding trade filtering...
[2026-06-13 01:10:13]   Detected enclosing function return type: void for trade call in buy
[2026-06-13 01:10:13] SUCCESS: Added trade filter before trade.Buy(buy)
[2026-06-13 01:10:13]   Detected enclosing function return type: void for trade call in sell
[2026-06-13 01:10:13] SUCCESS: Added trade filter before trade.Sell(sell)
[2026-06-13 01:10:13] SUCCESS: Successfully added 2 trade filter(s)
[2026-06-13 01:10:13] Step 6: Adding OnDeinit integration...
[2026-06-13 01:10:13] SUCCESS: OnDeinit integration added
[2026-06-13 01:10:13] Step 7: Updating version number...
[2026-06-13 01:10:13] SUCCESS: Version updated: 2.20 → 2.21
[2026-06-13 01:10:13] ================================================================================
[2026-06-13 01:10:13] SUCCESS: LOCAL integration completed! 8 changes made:
[2026-06-13 01:10:13]   1. Added #include RegimeFilterLib.mqh after includes
[2026-06-13 01:10:13]   2. Added input parameters at global scope (before first function)
[2026-06-13 01:10:13]   3. Added RF_InitRegimeFilter() in OnInit()
[2026-06-13 01:10:13]   4. Added RF_UpdateRegimeFilter() in OnTick()
[2026-06-13 01:10:13]   5. Added trade filter before trade.Buy(buy)
[2026-06-13 01:10:13]   6. Added trade filter before trade.Sell(sell)
[2026-06-13 01:10:13]   7. Added RF_DeinitRegimeFilter() in OnDeinit()
[2026-06-13 01:10:13]   8. Updated version from 2.20 to 2.21
[2026-06-13 01:10:13] ================================================================================
[2026-06-13 01:10:13] Verifying integration completeness...
[2026-06-13 01:10:13]   ✓ PASS: Library include
[2026-06-13 01:10:13]   ✓ PASS: Input parameters
[2026-06-13 01:10:13]   ✓ PASS: OnInit integration
[2026-06-13 01:10:13]   ✓ PASS: OnTick integration
[2026-06-13 01:10:13]   ✓ PASS: OnDeinit integration
[2026-06-13 01:10:13]   ✓ PASS: Trade filter check
[2026-06-13 01:10:13] SUCCESS: Core integration complete! Ready to use.
[2026-06-13 01:10:13] Saving integrated EA to: CombinedHL_EPR_SwingSL_EA_v2.mq5
[2026-06-13 01:10:13] SUCCESS: Integrated EA saved successfully!
[2026-06-13 01:10:13] README created: CombinedHL_EPR_SwingSL_EA_v2_README.md
[2026-06-13 01:10:13] Original file archived to: CombinedHL_EPR_SwingSL_EA_v2_20260613_011013.mq5
