[2026-06-13 01:09:54] ================================================================================
[2026-06-13 01:09:54] Starting LOCAL integration for: CombinedHL_EPR_SwingSL_EA_v2
[2026-06-13 01:09:54] Timestamp: 2026-06-13 01:09:54.011775
[2026-06-13 01:09:54] ================================================================================
[2026-06-13 01:09:54] Reading EA file: CombinedHL_EPR_SwingSL_EA_v2.mq5
[2026-06-13 01:09:54]   Size: 57470 characters
[2026-06-13 01:09:54] Loading RegimeFilterLib.mqh template...
[2026-06-13 01:09:54]   Size: 16121 characters
[2026-06-13 01:09:54] Starting LOCAL integration (no AI needed)...
[2026-06-13 01:09:54] Starting LOCAL rule-based integration...
[2026-06-13 01:09:54] Step 0: Checking for conflicts with library function names...
[2026-06-13 01:09:54]   No conflicting functions found.
[2026-06-13 01:09:54] Step 1: Adding library include...
[2026-06-13 01:09:54] SUCCESS: Library include added after includes
[2026-06-13 01:09:54] Step 2: Adding input parameters at global scope...
[2026-06-13 01:09:54] SUCCESS: Input parameters added at global scope
[2026-06-13 01:09:54] Step 3: Adding OnInit integration...
[2026-06-13 01:09:54] SUCCESS: OnInit integration added
[2026-06-13 01:09:54] Step 4: Adding OnTick integration...
[2026-06-13 01:09:54] SUCCESS: OnTick integration added
[2026-06-13 01:09:54] Step 5: Adding trade filtering...
[2026-06-13 01:09:54]   Detected enclosing function return type: void for trade call in buy
[2026-06-13 01:09:54] SUCCESS: Added trade filter before trade.Buy(buy)
[2026-06-13 01:09:54]   Detected enclosing function return type: void for trade call in sell
[2026-06-13 01:09:54] SUCCESS: Added trade filter before trade.Sell(sell)
[2026-06-13 01:09:54] SUCCESS: Successfully added 2 trade filter(s)
[2026-06-13 01:09:54] Step 6: Adding OnDeinit integration...
[2026-06-13 01:09:54] SUCCESS: OnDeinit integration added
[2026-06-13 01:09:54] Step 7: Updating version number...
[2026-06-13 01:09:54] ERROR: Exception during processing: 'charmap' codec can't encode character '\u2192' in position 53: character maps to <undefined>
