[2026-06-13 01:31:48] ================================================================================
[2026-06-13 01:31:48] Starting LOCAL integration for: EPR_ML_DataLogger_v1 (1)
[2026-06-13 01:31:48] Timestamp: 2026-06-13 01:31:48.296025
[2026-06-13 01:31:48] ================================================================================
[2026-06-13 01:31:48] Reading EA file: EPR_ML_DataLogger_v1 (1).mq5
[2026-06-13 01:31:48]   Size: 42717 characters
[2026-06-13 01:31:48] Loading RegimeFilterLib.mqh template...
[2026-06-13 01:31:48]   Size: 16121 characters
[2026-06-13 01:31:48] Starting LOCAL integration (no AI needed)...
[2026-06-13 01:31:48] Starting LOCAL rule-based integration...
[2026-06-13 01:31:48] Step 0: Checking for conflicts with library function names...
[2026-06-13 01:31:48]   No conflicting functions found.
[2026-06-13 01:31:48] Step 1: Adding library include...
[2026-06-13 01:31:48] SUCCESS: Library include added after includes
[2026-06-13 01:31:48] Step 2: Adding input parameters at global scope...
[2026-06-13 01:31:48] SUCCESS: Input parameters added at global scope
[2026-06-13 01:31:48] Step 3: Adding OnInit integration...
[2026-06-13 01:31:48] SUCCESS: OnInit integration added
[2026-06-13 01:31:48] Step 4: Adding OnTick integration...
[2026-06-13 01:31:48] SUCCESS: OnTick integration added
[2026-06-13 01:31:48] Step 5: Adding trade filtering...
[2026-06-13 01:31:48]   Detected enclosing function return type: void for trade call in buy
[2026-06-13 01:31:48] SUCCESS: Added trade filter before trade.Buy(buy)
[2026-06-13 01:31:48] SUCCESS: Successfully added 1 trade filter(s)
[2026-06-13 01:31:48] Step 6: Adding OnDeinit integration...
[2026-06-13 01:31:48] SUCCESS: OnDeinit integration added
[2026-06-13 01:31:48] Step 7: Updating version number...
[2026-06-13 01:31:48] SUCCESS: Version updated: 1.00 -> 1.1
[2026-06-13 01:31:48] ================================================================================
[2026-06-13 01:31:48] SUCCESS: LOCAL integration completed! 7 changes made:
[2026-06-13 01:31:48]   1. Added #include RegimeFilterLib.mqh after includes
[2026-06-13 01:31:48]   2. Added input parameters at global scope (before first function)
[2026-06-13 01:31:48]   3. Added RF_InitRegimeFilter() in OnInit()
[2026-06-13 01:31:48]   4. Added RF_UpdateRegimeFilter() in OnTick()
[2026-06-13 01:31:48]   5. Added trade filter before trade.Buy(buy)
[2026-06-13 01:31:48]   6. Added RF_DeinitRegimeFilter() in OnDeinit()
[2026-06-13 01:31:48]   7. Updated version from 1.00 to 1.1
[2026-06-13 01:31:48] ================================================================================
[2026-06-13 01:31:48] Verifying integration completeness...
[2026-06-13 01:31:48]   ✓ PASS: Library include
[2026-06-13 01:31:48]   ✓ PASS: Input parameters
[2026-06-13 01:31:48]   ✓ PASS: OnInit integration
[2026-06-13 01:31:48]   ✓ PASS: OnTick integration
[2026-06-13 01:31:48]   ✓ PASS: OnDeinit integration
[2026-06-13 01:31:48]   ✓ PASS: Trade filter check
[2026-06-13 01:31:48] SUCCESS: Core integration complete! Ready to use.
[2026-06-13 01:31:48] Saving integrated EA to: EPR_ML_DataLogger_v1 (1).mq5
[2026-06-13 01:31:48] SUCCESS: Integrated EA saved successfully!
[2026-06-13 01:31:48] Copying RegimeFilterLib.mqh to output folder...
[2026-06-13 01:31:48] README created: EPR_ML_DataLogger_v1 (1)_README.md
[2026-06-13 01:31:48] Original file archived to: EPR_ML_DataLogger_v1 (1)_20260613_013148.mq5
