[2026-06-13 01:37:48] ================================================================================
[2026-06-13 01:37:48] Starting LOCAL integration for: grid_ea
[2026-06-13 01:37:48] Timestamp: 2026-06-13 01:37:48.693530
[2026-06-13 01:37:48] ================================================================================
[2026-06-13 01:37:48] Reading EA file: grid_ea.mq5
[2026-06-13 01:37:48]   Size: 16242 characters
[2026-06-13 01:37:48] Loading RegimeFilterLib.mqh template...
[2026-06-13 01:37:48]   Size: 16121 characters
[2026-06-13 01:37:48] Starting LOCAL integration (no AI needed)...
[2026-06-13 01:37:48] Starting LOCAL rule-based integration...
[2026-06-13 01:37:48] Step 0: Checking for conflicts with library function names...
[2026-06-13 01:37:48]   No conflicting functions found.
[2026-06-13 01:37:48] Step 1: Adding library include...
[2026-06-13 01:37:48] SUCCESS: Library include added after properties
[2026-06-13 01:37:48] Step 2: Adding input parameters at global scope...
[2026-06-13 01:37:48] SUCCESS: Input parameters added at global scope
[2026-06-13 01:37:48] Step 3: Adding OnInit integration...
[2026-06-13 01:37:48] SUCCESS: OnInit integration added
[2026-06-13 01:37:48] Step 4: Adding OnTick integration...
[2026-06-13 01:37:48] SUCCESS: OnTick integration added
[2026-06-13 01:37:48] Step 5: Adding trade filtering...
[2026-06-13 01:37:48]   No standard trade patterns detected
[2026-06-13 01:37:48]   Trade filter not added automatically
[2026-06-13 01:37:48]   (Manual instructions will be provided in README)
[2026-06-13 01:37:48] Step 6: Adding OnDeinit integration...
[2026-06-13 01:37:48] SUCCESS: OnDeinit integration added
[2026-06-13 01:37:48] Step 7: Updating version number...
[2026-06-13 01:37:48] SUCCESS: Version updated: 1.00 -> 1.1
[2026-06-13 01:37:48] ================================================================================
[2026-06-13 01:37:48] SUCCESS: LOCAL integration completed! 7 changes made:
[2026-06-13 01:37:48]   1. Added #include RegimeFilterLib.mqh after properties
[2026-06-13 01:37:48]   2. Added input parameters at global scope (before first function)
[2026-06-13 01:37:48]   3. Added RF_InitRegimeFilter() in OnInit()
[2026-06-13 01:37:48]   4. Added RF_UpdateRegimeFilter() in OnTick()
[2026-06-13 01:37:48]   5. Trade filter: Not auto-added (custom patterns)
[2026-06-13 01:37:48]   6. Added RF_DeinitRegimeFilter() in OnDeinit()
[2026-06-13 01:37:48]   7. Updated version from 1.00 to 1.1
[2026-06-13 01:37:48] ================================================================================
[2026-06-13 01:37:48] Verifying integration completeness...
[2026-06-13 01:37:48]   ✓ PASS: Library include
[2026-06-13 01:37:48]   ✓ PASS: Input parameters
[2026-06-13 01:37:48]   ✓ PASS: OnInit integration
[2026-06-13 01:37:48]   ✓ PASS: OnTick integration
[2026-06-13 01:37:48]   ✓ PASS: OnDeinit integration
[2026-06-13 01:37:48]   ⚠ SKIP: Trade filter check
[2026-06-13 01:37:48] 
[2026-06-13 01:37:48]   NOTE: Trade filter check not auto-added
[2026-06-13 01:37:48]   Your EA uses custom trade functions
[2026-06-13 01:37:48]   Add manually in your trade opening function:
[2026-06-13 01:37:48]   
[2026-06-13 01:37:48]   if(EnableRegimeFilter && RF_IsRegimeFilterConnected())
[2026-06-13 01:37:48]   {
[2026-06-13 01:37:48]       if(!RF_IsTradeAllowed("buy"))  // or "sell"
[2026-06-13 01:37:48]       {
[2026-06-13 01:37:48]           Print("Trade BLOCKED by Regime Filter");
[2026-06-13 01:37:48]           return false;
[2026-06-13 01:37:48]       }
[2026-06-13 01:37:48]   }
[2026-06-13 01:37:48] 
[2026-06-13 01:37:48] SUCCESS: Core integration complete! Ready to use.
[2026-06-13 01:37:49] (Add trade filter manually for full functionality)
[2026-06-13 01:37:49] Saving integrated EA to: grid_ea.mq5
[2026-06-13 01:37:49] SUCCESS: Integrated EA saved successfully!
[2026-06-13 01:37:49] Copying RegimeFilterLib.mqh to output folder...
[2026-06-13 01:37:49] README created: grid_ea_README.md
[2026-06-13 01:37:49] Original file archived to: grid_ea_20260613_013749.mq5
