[2026-06-15 11:17:01] ================================================================================
[2026-06-15 11:17:01] Starting LOCAL integration for: HedgeGridMartingaleBot
[2026-06-15 11:17:01] Timestamp: 2026-06-15 11:17:01.114618
[2026-06-15 11:17:01] ================================================================================
[2026-06-15 11:17:01] Reading EA file: HedgeGridMartingaleBot.mq5
[2026-06-15 11:17:01]   Size: 58055 characters
[2026-06-15 11:17:01] Loading RegimeFilterLib.mqh template...
[2026-06-15 11:17:01]   Size: 16121 characters
[2026-06-15 11:17:01] Starting LOCAL integration (no AI needed)...
[2026-06-15 11:17:01] Starting LOCAL rule-based integration...
[2026-06-15 11:17:01] Step 0: Checking for conflicts with library function names...
[2026-06-15 11:17:01]   Found conflicting function(s) in EA: IsTradeAllowed
[2026-06-15 11:17:01]   Compatibility wrappers will be disabled using RF_NO_COMPATIBILITY to avoid compile errors.
[2026-06-15 11:17:01] Step 1: Adding library include...
[2026-06-15 11:17:01] SUCCESS: Library include added after includes
[2026-06-15 11:17:01] Step 2: Adding input parameters at global scope...
[2026-06-15 11:17:01] SUCCESS: Input parameters added at global scope
[2026-06-15 11:17:01] Step 3: Adding OnInit integration...
[2026-06-15 11:17:01] SUCCESS: OnInit integration added
[2026-06-15 11:17:01] Step 4: Adding OnTick integration...
[2026-06-15 11:17:01] SUCCESS: OnTick integration added
[2026-06-15 11:17:01] Step 5: Adding trade filtering...
[2026-06-15 11:17:01]   No standard trade patterns detected
[2026-06-15 11:17:01]   Trade filter not added automatically
[2026-06-15 11:17:01]   (Manual instructions will be provided in README)
[2026-06-15 11:17:01] Step 6: Adding OnDeinit integration...
[2026-06-15 11:17:01] SUCCESS: OnDeinit integration added
[2026-06-15 11:17:01] Step 7: Updating version number...
[2026-06-15 11:17:01] SUCCESS: Version updated: 2.30 -> 2.31
[2026-06-15 11:17:01] ================================================================================
[2026-06-15 11:17:01] SUCCESS: LOCAL integration completed! 8 changes made:
[2026-06-15 11:17:01]   1. Handled function conflicts for: IsTradeAllowed by using RF_NO_COMPATIBILITY
[2026-06-15 11:17:01]   2. Added #include RegimeFilterLib.mqh after includes
[2026-06-15 11:17:01]   3. Added input parameters at global scope (before first function)
[2026-06-15 11:17:01]   4. Added RF_InitRegimeFilter() in OnInit()
[2026-06-15 11:17:01]   5. Added RF_UpdateRegimeFilter() in OnTick()
[2026-06-15 11:17:01]   6. Trade filter: Not auto-added (custom patterns)
[2026-06-15 11:17:01]   7. Added RF_DeinitRegimeFilter() in OnDeinit()
[2026-06-15 11:17:01]   8. Updated version from 2.30 to 2.31
[2026-06-15 11:17:01] ================================================================================
[2026-06-15 11:17:01] Verifying integration completeness...
[2026-06-15 11:17:01]   ✓ PASS: Library include
[2026-06-15 11:17:01]   ✓ PASS: Input parameters
[2026-06-15 11:17:01]   ✓ PASS: OnInit integration
[2026-06-15 11:17:01]   ✓ PASS: OnTick integration
[2026-06-15 11:17:01]   ✓ PASS: OnDeinit integration
[2026-06-15 11:17:01]   ✓ PASS: Trade filter check
[2026-06-15 11:17:01] SUCCESS: Core integration complete! Ready to use.
[2026-06-15 11:17:01] Saving integrated EA to: HedgeGridMartingaleBot.mq5
[2026-06-15 11:17:01] SUCCESS: Integrated EA saved successfully!
[2026-06-15 11:17:01] Copying RegimeFilterLib.mqh to output folder...
[2026-06-15 11:17:01] README created: HedgeGridMartingaleBot_README.md
[2026-06-15 11:17:01] Original file archived to: HedgeGridMartingaleBot_20260615_111701.mq5
