[2026-06-19 12:57:42] ================================================================================
[2026-06-19 12:57:42] Starting LOCAL integration for: HybridGridBot
[2026-06-19 12:57:42] Timestamp: 2026-06-19 12:57:42.951993
[2026-06-19 12:57:42] ================================================================================
[2026-06-19 12:57:42] Reading EA file: HybridGridBot.mq5
[2026-06-19 12:57:43]   Size: 59864 characters
[2026-06-19 12:57:43] Loading RegimeFilterLib.mqh template...
[2026-06-19 12:57:43]   Size: 16675 characters
[2026-06-19 12:57:43] Starting LOCAL integration (no AI needed)...
[2026-06-19 12:57:43] Starting LOCAL rule-based integration...
[2026-06-19 12:57:43] Step 0: Checking for conflicts with library function names...
[2026-06-19 12:57:43]   No conflicting functions found.
[2026-06-19 12:57:43] Step 1: Adding library include...
[2026-06-19 12:57:43] Step 2: Adding input parameters at global scope...
[2026-06-19 12:57:43] Step 3: Adding OnInit integration...
[2026-06-19 12:57:43] Step 4: Adding OnTick integration...
[2026-06-19 12:57:43] Step 5: Adding trade filtering...
[2026-06-19 12:57:43]   No standard trade patterns detected
[2026-06-19 12:57:43]   Trade filter not added automatically
[2026-06-19 12:57:43]   (Manual instructions will be provided in README)
[2026-06-19 12:57:43] Step 6: Adding OnDeinit integration...
[2026-06-19 12:57:43] Step 7: Updating version number...
[2026-06-19 12:57:43] SUCCESS: Version updated: 1.01 -> 1.2
[2026-06-19 12:57:43] ================================================================================
[2026-06-19 12:57:43] SUCCESS: LOCAL integration completed! 2 changes made:
[2026-06-19 12:57:43]   1. Trade filter: Not auto-added (custom patterns)
[2026-06-19 12:57:43]   2. Updated version from 1.01 to 1.2
[2026-06-19 12:57:43] ================================================================================
[2026-06-19 12:57:43] Verifying integration completeness...
[2026-06-19 12:57:43]   ✓ PASS: Library include
[2026-06-19 12:57:43]   ✓ PASS: Input parameters
[2026-06-19 12:57:43]   ✓ PASS: OnInit integration
[2026-06-19 12:57:43]   ✓ PASS: OnTick integration
[2026-06-19 12:57:43]   ✓ PASS: OnDeinit integration
[2026-06-19 12:57:43]   ✓ PASS: Trade filter check
[2026-06-19 12:57:43] SUCCESS: Core integration complete! Ready to use.
[2026-06-19 12:57:43] Saving integrated EA to: HybridGridBot.mq5
[2026-06-19 12:57:43] SUCCESS: Integrated EA saved successfully!
[2026-06-19 12:57:43] Copying RegimeFilterLib.mqh to output folder...
[2026-06-19 12:57:43] README created: HybridGridBot_README.md
[2026-06-19 12:57:43] Original file archived to: HybridGridBot_20260619_125743.mq5
