[2026-06-13 01:40:43] ================================================================================
[2026-06-13 01:40:43] Starting LOCAL integration for: HybridGridBot5 (2)
[2026-06-13 01:40:43] Timestamp: 2026-06-13 01:40:43.924200
[2026-06-13 01:40:43] ================================================================================
[2026-06-13 01:40:43] Reading EA file: HybridGridBot5 (2).mq5
[2026-06-13 01:40:43]   Size: 151109 characters
[2026-06-13 01:40:43] Loading RegimeFilterLib.mqh template...
[2026-06-13 01:40:43]   Size: 16121 characters
[2026-06-13 01:40:43] Starting LOCAL integration (no AI needed)...
[2026-06-13 01:40:43] Starting LOCAL rule-based integration...
[2026-06-13 01:40:43] Step 0: Checking for conflicts with library function names...
[2026-06-13 01:40:43]   No conflicting functions found.
[2026-06-13 01:40:43] Step 1: Adding library include...
[2026-06-13 01:40:43] SUCCESS: Library include added after properties
[2026-06-13 01:40:43] Step 2: Adding input parameters at global scope...
[2026-06-13 01:40:43] SUCCESS: Input parameters added at global scope
[2026-06-13 01:40:43] Step 3: Adding OnInit integration...
[2026-06-13 01:40:43] SUCCESS: OnInit integration added
[2026-06-13 01:40:43] Step 4: Adding OnTick integration...
[2026-06-13 01:40:43] SUCCESS: OnTick integration added
[2026-06-13 01:40:43] Step 5: Adding trade filtering...
[2026-06-13 01:40:43]   No standard trade patterns detected
[2026-06-13 01:40:43]   Trade filter not added automatically
[2026-06-13 01:40:43]   (Manual instructions will be provided in README)
[2026-06-13 01:40:43] Step 6: Adding OnDeinit integration...
[2026-06-13 01:40:43] SUCCESS: OnDeinit integration added
[2026-06-13 01:40:43] Step 7: Updating version number...
[2026-06-13 01:40:43] SUCCESS: Version updated: 1.00 -> 1.1
[2026-06-13 01:40:43] ================================================================================
[2026-06-13 01:40:43] SUCCESS: LOCAL integration completed! 7 changes made:
[2026-06-13 01:40:43]   1. Added #include RegimeFilterLib.mqh after properties
[2026-06-13 01:40:43]   2. Added input parameters at global scope (before first function)
[2026-06-13 01:40:43]   3. Added RF_InitRegimeFilter() in OnInit()
[2026-06-13 01:40:44]   4. Added RF_UpdateRegimeFilter() in OnTick()
[2026-06-13 01:40:44]   5. Trade filter: Not auto-added (custom patterns)
[2026-06-13 01:40:44]   6. Added RF_DeinitRegimeFilter() in OnDeinit()
[2026-06-13 01:40:44]   7. Updated version from 1.00 to 1.1
[2026-06-13 01:40:44] ================================================================================
[2026-06-13 01:40:44] Verifying integration completeness...
[2026-06-13 01:40:44]   ✓ PASS: Library include
[2026-06-13 01:40:44]   ✓ PASS: Input parameters
[2026-06-13 01:40:44]   ✓ PASS: OnInit integration
[2026-06-13 01:40:44]   ✓ PASS: OnTick integration
[2026-06-13 01:40:44]   ✓ PASS: OnDeinit integration
[2026-06-13 01:40:44]   ⚠ SKIP: Trade filter check
[2026-06-13 01:40:44] 
[2026-06-13 01:40:44]   NOTE: Trade filter check not auto-added
[2026-06-13 01:40:44]   Your EA uses custom trade functions
[2026-06-13 01:40:44]   Add manually in your trade opening function:
[2026-06-13 01:40:44]   
[2026-06-13 01:40:44]   if(EnableRegimeFilter && RF_IsRegimeFilterConnected())
[2026-06-13 01:40:44]   {
[2026-06-13 01:40:44]       if(!RF_IsTradeAllowed("buy"))  // or "sell"
[2026-06-13 01:40:44]       {
[2026-06-13 01:40:44]           Print("Trade BLOCKED by Regime Filter");
[2026-06-13 01:40:44]           return false;
[2026-06-13 01:40:44]       }
[2026-06-13 01:40:44]   }
[2026-06-13 01:40:44] 
[2026-06-13 01:40:44] SUCCESS: Core integration complete! Ready to use.
[2026-06-13 01:40:44] (Add trade filter manually for full functionality)
[2026-06-13 01:40:44] Saving integrated EA to: HybridGridBot5 (2).mq5
[2026-06-13 01:40:44] SUCCESS: Integrated EA saved successfully!
[2026-06-13 01:40:44] Copying RegimeFilterLib.mqh to output folder...
[2026-06-13 01:40:44] README created: HybridGridBot5 (2)_README.md
[2026-06-13 01:40:44] Original file archived to: HybridGridBot5 (2)_20260613_014044.mq5
