[2026-06-19 12:49:02] ================================================================================
[2026-06-19 12:49:02] Starting LOCAL integration for: HybridGridBot5 (2)
[2026-06-19 12:49:02] Timestamp: 2026-06-19 12:49:02.053480
[2026-06-19 12:49:02] ================================================================================
[2026-06-19 12:49:02] Reading EA file: HybridGridBot5 (2).mq5
[2026-06-19 12:49:02]   Size: 152380 characters
[2026-06-19 12:49:02] Loading RegimeFilterLib.mqh template...
[2026-06-19 12:49:02]   Size: 16675 characters
[2026-06-19 12:49:02] Starting LOCAL integration (no AI needed)...
[2026-06-19 12:49:02] Starting LOCAL rule-based integration...
[2026-06-19 12:49:02] Step 0: Checking for conflicts with library function names...
[2026-06-19 12:49:02]   No conflicting functions found.
[2026-06-19 12:49:02] Step 1: Adding library include...
[2026-06-19 12:49:02] Step 2: Adding input parameters at global scope...
[2026-06-19 12:49:02] Step 3: Adding OnInit integration...
[2026-06-19 12:49:02] Step 4: Adding OnTick integration...
[2026-06-19 12:49:02] Step 5: Adding trade filtering...
[2026-06-19 12:49:02]   No standard trade patterns detected
[2026-06-19 12:49:02]   Trade filter not added automatically
[2026-06-19 12:49:02]   (Manual instructions will be provided in README)
[2026-06-19 12:49:02] Step 6: Adding OnDeinit integration...
[2026-06-19 12:49:02] Step 7: Updating version number...
[2026-06-19 12:49:02] SUCCESS: Version updated: 1.1 -> 1.2
[2026-06-19 12:49:02] ================================================================================
[2026-06-19 12:49:02] SUCCESS: LOCAL integration completed! 2 changes made:
[2026-06-19 12:49:02]   1. Trade filter: Not auto-added (custom patterns)
[2026-06-19 12:49:02]   2. Updated version from 1.1 to 1.2
[2026-06-19 12:49:02] ================================================================================
[2026-06-19 12:49:02] Verifying integration completeness...
[2026-06-19 12:49:02]   ✓ PASS: Library include
[2026-06-19 12:49:02]   ✓ PASS: Input parameters
[2026-06-19 12:49:02]   ✓ PASS: OnInit integration
[2026-06-19 12:49:02]   ✓ PASS: OnTick integration
[2026-06-19 12:49:02]   ✓ PASS: OnDeinit integration
[2026-06-19 12:49:02]   ⚠ SKIP: Trade filter check
[2026-06-19 12:49:02] 
[2026-06-19 12:49:02]   NOTE: Trade filter check not auto-added
[2026-06-19 12:49:02]   Your EA uses custom trade functions
[2026-06-19 12:49:02]   Add manually in your trade opening function:
[2026-06-19 12:49:02]   
[2026-06-19 12:49:02]   if(EnableRegimeFilter && RF_IsRegimeFilterConnected())
[2026-06-19 12:49:02]   {
[2026-06-19 12:49:02]       if(!RF_IsTradeAllowed("buy"))  // or "sell"
[2026-06-19 12:49:02]       {
[2026-06-19 12:49:02]           Print("Trade BLOCKED by Regime Filter");
[2026-06-19 12:49:02]           return false;
[2026-06-19 12:49:02]       }
[2026-06-19 12:49:02]   }
[2026-06-19 12:49:02] 
[2026-06-19 12:49:02] SUCCESS: Core integration complete! Ready to use.
[2026-06-19 12:49:02] (Add trade filter manually for full functionality)
[2026-06-19 12:49:02] Saving integrated EA to: HybridGridBot5 (2).mq5
[2026-06-19 12:49:02] SUCCESS: Integrated EA saved successfully!
[2026-06-19 12:49:02] Copying RegimeFilterLib.mqh to output folder...
[2026-06-19 12:49:02] README created: HybridGridBot5 (2)_README.md
[2026-06-19 12:49:02] Original file archived to: HybridGridBot5 (2)_20260619_124902.mq5
