[2026-06-11 14:25:21] ================================================================================
[2026-06-11 14:25:21] Starting LOCAL integration for: RSI_EA_exitv4
[2026-06-11 14:25:21] Timestamp: 2026-06-11 14:25:21.123543
[2026-06-11 14:25:21] ================================================================================
[2026-06-11 14:25:21] Reading EA file: RSI_EA_exitv4.mq5
[2026-06-11 14:25:21]   Size: 36567 characters
[2026-06-11 14:25:21] Loading RegimeFilterLib.mqh template...
[2026-06-11 14:25:21]   Size: 14339 characters
[2026-06-11 14:25:21] Starting LOCAL integration (no AI needed)...
[2026-06-11 14:25:21] Starting LOCAL rule-based integration...
[2026-06-11 14:25:21] Step 0: Checking for conflicts and renaming if needed...
[2026-06-11 14:25:21]   No conflicts found
[2026-06-11 14:25:21] Step 1: Adding library include...
[2026-06-11 14:25:21] SUCCESS: Library include added after properties
[2026-06-11 14:25:21] Step 2: Adding input parameters at global scope...
[2026-06-11 14:25:21] SUCCESS: Input parameters added at global scope
[2026-06-11 14:25:21] Step 3: Adding OnInit integration...
[2026-06-11 14:25:21] SUCCESS: OnInit integration added
[2026-06-11 14:25:21] Step 4: Adding OnTick integration...
[2026-06-11 14:25:21] SUCCESS: OnTick integration added
[2026-06-11 14:25:21] Step 5: Adding trade filtering...
[2026-06-11 14:25:21] SUCCESS: Added trade filter before OrderSend(buy)
[2026-06-11 14:25:21] SUCCESS: Successfully added 1 trade filter(s)
[2026-06-11 14:25:21] Step 6: Adding OnDeinit integration...
[2026-06-11 14:25:21] SUCCESS: OnDeinit integration added
[2026-06-11 14:25:21] Step 7: Updating version number...
[2026-06-11 14:25:21] SUCCESS: Version updated: 1.40 → 1.41
[2026-06-11 14:25:21] ================================================================================
[2026-06-11 14:25:21] SUCCESS: LOCAL integration completed! 7 changes made:
[2026-06-11 14:25:21]   1. Added #include RegimeFilterLib.mqh after properties
[2026-06-11 14:25:21]   2. Added input parameters at global scope (before first function)
[2026-06-11 14:25:21]   3. Added InitRegimeFilter() in OnInit()
[2026-06-11 14:25:21]   4. Added UpdateRegimeFilter() in OnTick()
[2026-06-11 14:25:21]   5. Added trade filter before OrderSend(buy)
[2026-06-11 14:25:21]   6. Added DeinitRegimeFilter() in OnDeinit()
[2026-06-11 14:25:21]   7. Updated version from 1.40 to 1.41
[2026-06-11 14:25:21] ================================================================================
[2026-06-11 14:25:21] Verifying integration completeness...
[2026-06-11 14:25:21]   ✓ PASS: Library include
[2026-06-11 14:25:21]   ✓ PASS: Input parameters
[2026-06-11 14:25:21]   ✓ PASS: OnInit integration
[2026-06-11 14:25:21]   ✓ PASS: OnTick integration
[2026-06-11 14:25:21]   ✓ PASS: OnDeinit integration
[2026-06-11 14:25:21]   ✓ PASS: Trade filter check
[2026-06-11 14:25:21] SUCCESS: Core integration complete! Ready to use.
[2026-06-11 14:25:21] Saving integrated EA to: RSI_EA_exitv4.mq5
[2026-06-11 14:25:21] SUCCESS: Integrated EA saved successfully!
[2026-06-11 14:25:21] README created: RSI_EA_exitv4_README.md
[2026-06-11 14:25:21] Original file archived to: RSI_EA_exitv4_20260611_142521.mq5
