[2026-06-10 16:58:08] ================================================================================
[2026-06-10 16:58:08] Starting LOCAL integration for: V15_Standalone_Grid_Defense.v7 grid updates
[2026-06-10 16:58:08] Timestamp: 2026-06-10 16:58:08.633407
[2026-06-10 16:58:08] ================================================================================
[2026-06-10 16:58:08] Reading EA file: V15_Standalone_Grid_Defense.v7 grid updates.mq5
[2026-06-10 16:58:08]   Size: 200399 characters
[2026-06-10 16:58:08] Loading RegimeFilterLib.mqh template...
[2026-06-10 16:58:08]   Size: 14339 characters
[2026-06-10 16:58:08] Starting LOCAL integration (no AI needed)...
[2026-06-10 16:58:08] Starting LOCAL rule-based integration...
[2026-06-10 16:58:08] Step 1: Adding library include...
[2026-06-10 16:58:08] SUCCESS: Library include added
[2026-06-10 16:58:08] Step 2: Adding input parameters...
[2026-06-10 16:58:08] SUCCESS: Input parameters added
[2026-06-10 16:58:08] Step 3: Adding OnInit integration...
[2026-06-10 16:58:08] SUCCESS: OnInit integration added
[2026-06-10 16:58:08] Step 4: Adding OnTick integration...
[2026-06-10 16:58:08] SUCCESS: OnTick integration added
[2026-06-10 16:58:08] Step 5: Adding trade filtering...
[2026-06-10 16:58:08] Step 6: Adding OnDeinit integration...
[2026-06-10 16:58:08] SUCCESS: OnDeinit integration added
[2026-06-10 16:58:08] Step 7: Updating version number...
[2026-06-10 16:58:08] SUCCESS: Version updated: 15.10 → 15.11
[2026-06-10 16:58:08] ================================================================================
[2026-06-10 16:58:08] SUCCESS: LOCAL integration completed! 6 changes made:
[2026-06-10 16:58:08]   1. Added #include RegimeFilterLib.mqh
[2026-06-10 16:58:08]   2. Added input parameters (EnableRegimeFilter, Host, Port)
[2026-06-10 16:58:08]   3. Added InitRegimeFilter() in OnInit()
[2026-06-10 16:58:08]   4. Added UpdateRegimeFilter() in OnTick()
[2026-06-10 16:58:08]   5. Added DeinitRegimeFilter() in OnDeinit()
[2026-06-10 16:58:08]   6. Updated version from 15.10 to 15.11
[2026-06-10 16:58:08] ================================================================================
[2026-06-10 16:58:08] Verifying integration completeness...
[2026-06-10 16:58:08]   ✓ PASS: Library include
[2026-06-10 16:58:08]   ✓ PASS: Input parameters
[2026-06-10 16:58:08]   ✓ PASS: OnInit integration
[2026-06-10 16:58:08]   ✓ PASS: OnTick integration
[2026-06-10 16:58:08]   ✓ PASS: OnDeinit integration
[2026-06-10 16:58:08]   ⚠ SKIP: Trade filter check
[2026-06-10 16:58:08] 
[2026-06-10 16:58:08]   NOTE: Trade filter check not auto-added
[2026-06-10 16:58:08]   Your EA uses custom trade functions
[2026-06-10 16:58:08]   Add manually in your trade opening function:
[2026-06-10 16:58:08]   
[2026-06-10 16:58:08]   if(EnableRegimeFilter && IsRegimeFilterConnected())
[2026-06-10 16:58:08]   {
[2026-06-10 16:58:08]       if(!IsTradeAllowed("buy"))  // or "sell"
[2026-06-10 16:58:08]       {
[2026-06-10 16:58:08]           Print("Trade BLOCKED by Regime Filter");
[2026-06-10 16:58:08]           return false;
[2026-06-10 16:58:08]       }
[2026-06-10 16:58:08]   }
[2026-06-10 16:58:08] 
[2026-06-10 16:58:08] SUCCESS: Core integration complete! Ready to use.
[2026-06-10 16:58:08] (Add trade filter manually for full functionality)
[2026-06-10 16:58:08] Saving integrated EA to: V15_Standalone_Grid_Defense.v7 grid updates.mq5
[2026-06-10 16:58:08] SUCCESS: Integrated EA saved successfully!
[2026-06-10 16:58:08] Copying RegimeFilterLib.mqh to output folder...
[2026-06-10 16:58:08] README created: V15_Standalone_Grid_Defense.v7 grid updates_README.md
[2026-06-10 16:58:08] Original file archived to: V15_Standalone_Grid_Defense.v7 grid updates_20260610_165808.mq5
