[2026-06-10 19:08:32] ================================================================================
[2026-06-10 19:08:32] Starting LOCAL integration for: V15
[2026-06-10 19:08:32] Timestamp: 2026-06-10 19:08:32.787160
[2026-06-10 19:08:32] ================================================================================
[2026-06-10 19:08:32] Reading EA file: V15.mq5
[2026-06-10 19:08:32]   Size: 200399 characters
[2026-06-10 19:08:32] Loading RegimeFilterLib.mqh template...
[2026-06-10 19:08:32]   Size: 14339 characters
[2026-06-10 19:08:32] Starting LOCAL integration (no AI needed)...
[2026-06-10 19:08:32] Starting LOCAL rule-based integration...
[2026-06-10 19:08:32] Step 0: Checking for conflicts and renaming if needed...
[2026-06-10 19:08:32]   Found conflict: RegimeState GetCurrentRegime() - renaming to EA_GetCurrentRegime()
[2026-06-10 19:08:32] SUCCESS: Renamed RegimeState GetCurrentRegime() to EA_GetCurrentRegime()
[2026-06-10 19:08:32]   Resolved 1 naming conflict(s)
[2026-06-10 19:08:32] Step 1: Adding library include...
[2026-06-10 19:08:32] SUCCESS: Library include added after includes
[2026-06-10 19:08:32] Step 2: Adding input parameters at global scope...
[2026-06-10 19:08:32] SUCCESS: Input parameters added at global scope
[2026-06-10 19:08:32] Step 3: Adding OnInit integration...
[2026-06-10 19:08:32] SUCCESS: OnInit integration added
[2026-06-10 19:08:32] Step 4: Adding OnTick integration...
[2026-06-10 19:08:32] SUCCESS: OnTick integration added
[2026-06-10 19:08:32] Step 5: Adding trade filtering (if standard patterns found)...
[2026-06-10 19:08:32]   Skipping automatic trade filter insertion
[2026-06-10 19:08:32]   (Will provide manual instructions in README)
[2026-06-10 19:08:32] Step 6: Adding OnDeinit integration...
[2026-06-10 19:08:32] SUCCESS: OnDeinit integration added
[2026-06-10 19:08:32] Step 7: Updating version number...
[2026-06-10 19:08:32] SUCCESS: Version updated: 15.10 → 15.11
[2026-06-10 19:08:33] ================================================================================
[2026-06-10 19:08:33] SUCCESS: LOCAL integration completed! 7 changes made:
[2026-06-10 19:08:33]   1. Renamed RegimeState GetCurrentRegime() to EA_GetCurrentRegime() to avoid conflict
[2026-06-10 19:08:33]   2. Added #include RegimeFilterLib.mqh after includes
[2026-06-10 19:08:33]   3. Added input parameters at global scope (before first function)
[2026-06-10 19:08:33]   4. Added InitRegimeFilter() in OnInit()
[2026-06-10 19:08:33]   5. Added UpdateRegimeFilter() in OnTick()
[2026-06-10 19:08:33]   6. Added DeinitRegimeFilter() in OnDeinit()
[2026-06-10 19:08:33]   7. Updated version from 15.10 to 15.11
[2026-06-10 19:08:33] ================================================================================
[2026-06-10 19:08:33] 
[2026-06-10 19:08:33] IMPORTANT: Function names were renamed to avoid conflicts:
[2026-06-10 19:08:33]   - RegimeState GetCurrentRegime → EA_GetCurrentRegime
[2026-06-10 19:08:33] Your EA logic is preserved, just with renamed functions.
[2026-06-10 19:08:33] 
[2026-06-10 19:08:33] Verifying integration completeness...
[2026-06-10 19:08:33]   ✓ PASS: Library include
[2026-06-10 19:08:33]   ✓ PASS: Input parameters
[2026-06-10 19:08:33]   ✓ PASS: OnInit integration
[2026-06-10 19:08:33]   ✓ PASS: OnTick integration
[2026-06-10 19:08:33]   ✓ PASS: OnDeinit integration
[2026-06-10 19:08:33]   ⚠ SKIP: Trade filter check
[2026-06-10 19:08:33] 
[2026-06-10 19:08:33]   NOTE: Trade filter check not auto-added
[2026-06-10 19:08:33]   Your EA uses custom trade functions
[2026-06-10 19:08:33]   Add manually in your trade opening function:
[2026-06-10 19:08:33]   
[2026-06-10 19:08:33]   if(EnableRegimeFilter && IsRegimeFilterConnected())
[2026-06-10 19:08:33]   {
[2026-06-10 19:08:33]       if(!IsTradeAllowed("buy"))  // or "sell"
[2026-06-10 19:08:33]       {
[2026-06-10 19:08:33]           Print("Trade BLOCKED by Regime Filter");
[2026-06-10 19:08:33]           return false;
[2026-06-10 19:08:33]       }
[2026-06-10 19:08:33]   }
[2026-06-10 19:08:33] 
[2026-06-10 19:08:33] SUCCESS: Core integration complete! Ready to use.
[2026-06-10 19:08:33] (Add trade filter manually for full functionality)
[2026-06-10 19:08:33] Saving integrated EA to: V15.mq5
[2026-06-10 19:08:33] SUCCESS: Integrated EA saved successfully!
[2026-06-10 19:08:33] README created: V15_README.md
[2026-06-10 19:08:33] Original file archived to: V15_20260610_190833.mq5
