[2026-06-10 16:55:26] ================================================================================
[2026-06-10 16:55:26] Starting LOCAL integration for: V15_Standalone_Grid_Defense.v7 grid updates
[2026-06-10 16:55:26] Timestamp: 2026-06-10 16:55:26.728275
[2026-06-10 16:55:26] ================================================================================
[2026-06-10 16:55:26] Reading EA file: V15_Standalone_Grid_Defense.v7 grid updates.mq5
[2026-06-10 16:55:26]   Size: 200399 characters
[2026-06-10 16:55:26] Loading RegimeFilterLib.mqh template...
[2026-06-10 16:55:26]   Size: 14339 characters
[2026-06-10 16:55:26] Starting LOCAL integration (no AI needed)...
[2026-06-10 16:55:26] Starting LOCAL rule-based integration...
[2026-06-10 16:55:26] Step 1: Adding library include...
[2026-06-10 16:55:26] SUCCESS: Library include added
[2026-06-10 16:55:26] Step 2: Adding input parameters...
[2026-06-10 16:55:26] SUCCESS: Input parameters added
[2026-06-10 16:55:26] Step 3: Adding OnInit integration...
[2026-06-10 16:55:26] SUCCESS: OnInit integration added
[2026-06-10 16:55:26] Step 4: Adding OnTick integration...
[2026-06-10 16:55:26] SUCCESS: OnTick integration added
[2026-06-10 16:55:26] Step 5: Adding trade filtering...
[2026-06-10 16:55:26] Step 6: Adding OnDeinit integration...
[2026-06-10 16:55:26] ================================================================================
[2026-06-10 16:55:26] Starting integration for: V15_Standalone_Grid_Defense.v7 grid updates
[2026-06-10 16:55:26] Timestamp: 2026-06-10 16:55:26.955078
[2026-06-10 16:55:26] ================================================================================
[2026-06-10 16:55:26] Reading EA file: V15_Standalone_Grid_Defense.v7 grid updates.mq5
[2026-06-10 16:55:26]   Size: 200399 characters
[2026-06-10 16:55:26] Loading RegimeFilterLib.mqh template...
[2026-06-10 16:55:26] SUCCESS: OnDeinit integration added
[2026-06-10 16:55:26]   Size: 14339 characters
[2026-06-10 16:55:26] Starting AI integration...
[2026-06-10 16:55:26] Preparing integration prompt for AI...
[2026-06-10 16:55:26] Sending request to NVIDIA AI (this may take 30-60 seconds)...
[2026-06-10 16:55:26] Step 7: Updating version number...
[2026-06-10 16:55:27] SUCCESS: Version updated: 15.10 → 15.11
[2026-06-10 16:55:27] ================================================================================
[2026-06-10 16:55:27] SUCCESS: LOCAL integration completed! 6 changes made:
[2026-06-10 16:55:27]   1. Added #include RegimeFilterLib.mqh
[2026-06-10 16:55:27]   2. Added input parameters (EnableRegimeFilter, Host, Port)
[2026-06-10 16:55:27]   3. Added InitRegimeFilter() in OnInit()
[2026-06-10 16:55:27]   4. Added UpdateRegimeFilter() in OnTick()
[2026-06-10 16:55:27]   5. Added DeinitRegimeFilter() in OnDeinit()
[2026-06-10 16:55:27]   6. Updated version from 15.10 to 15.11
[2026-06-10 16:55:27] ================================================================================
[2026-06-10 16:55:27] Verifying integration completeness...
[2026-06-10 16:55:27]   ✓ PASS: Library include
[2026-06-10 16:55:27]   ✓ PASS: Input parameters
[2026-06-10 16:55:27]   ✓ PASS: OnInit integration
[2026-06-10 16:55:27]   ✓ PASS: OnTick integration
[2026-06-10 16:55:27]   ✓ PASS: OnDeinit integration
[2026-06-10 16:55:27]   ✗ FAIL: Trade filter check
[2026-06-10 16:55:27] ERROR: Some integration checks failed!
[2026-06-10 16:55:27] ERROR: Integration verification failed!
[2026-06-10 16:55:29] ERROR: AI integration failed: Error code: 404 - {'status': 404, 'title': 'Not Found', 'detail': "Function '9b96341b-9791-4db9-a00d-4e43aa192a39': Not found for account 'aVfO6rJ_Ld43iiMpBzIFfwAwn7kzd3_5to9Ncc4jKEU'"}
[2026-06-10 16:55:29] ERROR: Exception during processing: Error code: 404 - {'status': 404, 'title': 'Not Found', 'detail': "Function '9b96341b-9791-4db9-a00d-4e43aa192a39': Not found for account 'aVfO6rJ_Ld43iiMpBzIFfwAwn7kzd3_5to9Ncc4jKEU'"}
