[2026-06-10 17:21:27] ================================================================================
[2026-06-10 17:21:27] Starting LOCAL integration for: V15_Standalone_Grid_Defense.v7 grid updates
[2026-06-10 17:21:27] Timestamp: 2026-06-10 17:21:27.658624
[2026-06-10 17:21:27] ================================================================================
[2026-06-10 17:21:27] Reading EA file: V15_Standalone_Grid_Defense.v7 grid updates.mq5
[2026-06-10 17:21:27]   Size: 200399 characters
[2026-06-10 17:21:27] Loading RegimeFilterLib.mqh template...
[2026-06-10 17:21:27]   Size: 14339 characters
[2026-06-10 17:21:27] Starting LOCAL integration (no AI needed)...
[2026-06-10 17:21:27] Starting LOCAL rule-based integration...
[2026-06-10 17:21:27] Step 0: Checking for conflicts...
[2026-06-10 17:21:27]   WARNING: EA already has GetCurrentRegime() function
[2026-06-10 17:21:27]   Found 1 naming conflict(s)
[2026-06-10 17:21:27]   Will use namespaced versions: RF_GetCurrentRegime(), etc.
[2026-06-10 17:21:27] Step 1: Adding library include...
[2026-06-10 17:21:27] SUCCESS: Library include added after includes
[2026-06-10 17:21:27] Step 2: Adding input parameters at global scope...
[2026-06-10 17:21:27] SUCCESS: Input parameters added at global scope
[2026-06-10 17:21:27] Step 3: Adding OnInit integration...
[2026-06-10 17:21:27] SUCCESS: OnInit integration added
[2026-06-10 17:21:27] Step 4: Adding OnTick integration...
[2026-06-10 17:21:27] SUCCESS: OnTick integration added
[2026-06-10 17:21:27] Step 5: Adding trade filtering (if standard patterns found)...
[2026-06-10 17:21:27]   Skipping automatic trade filter insertion
[2026-06-10 17:21:27]   (Will provide manual instructions in README)
[2026-06-10 17:21:27] Step 6: Adding OnDeinit integration...
[2026-06-10 17:21:27] SUCCESS: OnDeinit integration added
[2026-06-10 17:21:27] Step 7: Updating version number...
[2026-06-10 17:21:27] SUCCESS: Version updated: 15.10 → 15.11
[2026-06-10 17:21:27] Step 8: Handling naming conflicts...
[2026-06-10 17:21:27]   NOTE: Your EA has conflicting function names: GetCurrentRegime()
[2026-06-10 17:21:27]   You can either:
[2026-06-10 17:21:27]   1. Rename your functions (recommended)
[2026-06-10 17:21:27]   2. Use fully qualified names: g_rf_currentRegime, etc.
[2026-06-10 17:21:27] ================================================================================
[2026-06-10 17:21:27] SUCCESS: LOCAL integration completed! 7 changes made:
[2026-06-10 17:21:27]   1. Added #include RegimeFilterLib.mqh after includes
[2026-06-10 17:21:27]   2. Added input parameters at global scope (before first function)
[2026-06-10 17:21:27]   3. Added InitRegimeFilter() in OnInit()
[2026-06-10 17:21:27]   4. Added UpdateRegimeFilter() in OnTick()
[2026-06-10 17:21:27]   5. Added DeinitRegimeFilter() in OnDeinit()
[2026-06-10 17:21:27]   6. Updated version from 15.10 to 15.11
[2026-06-10 17:21:27]   7. NOTE: Your EA has conflicting function names: GetCurrentRegime()
[2026-06-10 17:21:27] ================================================================================
[2026-06-10 17:21:27] Verifying integration completeness...
[2026-06-10 17:21:27]   ✓ PASS: Library include
[2026-06-10 17:21:27]   ✓ PASS: Input parameters
[2026-06-10 17:21:27]   ✓ PASS: OnInit integration
[2026-06-10 17:21:27]   ✓ PASS: OnTick integration
[2026-06-10 17:21:27]   ✓ PASS: OnDeinit integration
[2026-06-10 17:21:27]   ⚠ SKIP: Trade filter check
[2026-06-10 17:21:27] 
[2026-06-10 17:21:27]   NOTE: Trade filter check not auto-added
[2026-06-10 17:21:27]   Your EA uses custom trade functions
[2026-06-10 17:21:27]   Add manually in your trade opening function:
[2026-06-10 17:21:27]   
[2026-06-10 17:21:27]   if(EnableRegimeFilter && IsRegimeFilterConnected())
[2026-06-10 17:21:27]   {
[2026-06-10 17:21:27]       if(!IsTradeAllowed("buy"))  // or "sell"
[2026-06-10 17:21:27]       {
[2026-06-10 17:21:27]           Print("Trade BLOCKED by Regime Filter");
[2026-06-10 17:21:27]           return false;
[2026-06-10 17:21:27]       }
[2026-06-10 17:21:27]   }
[2026-06-10 17:21:27] 
[2026-06-10 17:21:27] SUCCESS: Core integration complete! Ready to use.
[2026-06-10 17:21:27] (Add trade filter manually for full functionality)
[2026-06-10 17:21:27] Saving integrated EA to: V15_Standalone_Grid_Defense.v7 grid updates.mq5
[2026-06-10 17:21:27] SUCCESS: Integrated EA saved successfully!
[2026-06-10 17:21:27] Copying RegimeFilterLib.mqh to output folder...
[2026-06-10 17:21:27] README created: V15_Standalone_Grid_Defense.v7 grid updates_README.md
[2026-06-10 17:21:27] Original file archived to: V15_Standalone_Grid_Defense.v7 grid updates_20260610_172127.mq5
