[2026-06-10 16:55:52] ================================================================================
[2026-06-10 16:55:52] Starting LOCAL integration for: V15_Standalone_Grid_Defense.v7 grid updates
[2026-06-10 16:55:52] Timestamp: 2026-06-10 16:55:52.546405
[2026-06-10 16:55:52] ================================================================================
[2026-06-10 16:55:52] Reading EA file: V15_Standalone_Grid_Defense.v7 grid updates.mq5
[2026-06-10 16:55:52]   Size: 200399 characters
[2026-06-10 16:55:52] Loading RegimeFilterLib.mqh template...
[2026-06-10 16:55:52]   Size: 14339 characters
[2026-06-10 16:55:52] Starting LOCAL integration (no AI needed)...
[2026-06-10 16:55:52] Starting LOCAL rule-based integration...
[2026-06-10 16:55:52] Step 1: Adding library include...
[2026-06-10 16:55:52] SUCCESS: Library include added
[2026-06-10 16:55:52] Step 2: Adding input parameters...
[2026-06-10 16:55:52] SUCCESS: Input parameters added
[2026-06-10 16:55:52] Step 3: Adding OnInit integration...
[2026-06-10 16:55:52] SUCCESS: OnInit integration added
[2026-06-10 16:55:52] Step 4: Adding OnTick integration...
[2026-06-10 16:55:52] SUCCESS: OnTick integration added
[2026-06-10 16:55:52] Step 5: Adding trade filtering...
[2026-06-10 16:55:52] Step 6: Adding OnDeinit integration...
[2026-06-10 16:55:52] SUCCESS: OnDeinit integration added
[2026-06-10 16:55:52] Step 7: Updating version number...
[2026-06-10 16:55:52] SUCCESS: Version updated: 15.10 → 15.11
[2026-06-10 16:55:52] ================================================================================
[2026-06-10 16:55:52] SUCCESS: LOCAL integration completed! 6 changes made:
[2026-06-10 16:55:52]   1. Added #include RegimeFilterLib.mqh
[2026-06-10 16:55:52]   2. Added input parameters (EnableRegimeFilter, Host, Port)
[2026-06-10 16:55:52]   3. Added InitRegimeFilter() in OnInit()
[2026-06-10 16:55:52]   4. Added UpdateRegimeFilter() in OnTick()
[2026-06-10 16:55:52]   5. Added DeinitRegimeFilter() in OnDeinit()
[2026-06-10 16:55:52]   6. Updated version from 15.10 to 15.11
[2026-06-10 16:55:52] ================================================================================
[2026-06-10 16:55:52] Verifying integration completeness...
[2026-06-10 16:55:52]   ✓ PASS: Library include
[2026-06-10 16:55:52]   ✓ PASS: Input parameters
[2026-06-10 16:55:52]   ✓ PASS: OnInit integration
[2026-06-10 16:55:52]   ✓ PASS: OnTick integration
[2026-06-10 16:55:52]   ✓ PASS: OnDeinit integration
[2026-06-10 16:55:52]   ✗ FAIL: Trade filter check
[2026-06-10 16:55:52] ERROR: Some integration checks failed!
[2026-06-10 16:55:52] ERROR: Integration verification failed!
