[2026-06-10 17:33:20] ================================================================================
[2026-06-10 17:33:20] Starting LOCAL integration for: V15
[2026-06-10 17:33:20] Timestamp: 2026-06-10 17:33:20.071452
[2026-06-10 17:33:20] ================================================================================
[2026-06-10 17:33:20] Reading EA file: V15.mq5
[2026-06-10 17:33:20]   Size: 200399 characters
[2026-06-10 17:33:20] Loading RegimeFilterLib.mqh template...
[2026-06-10 17:33:20]   Size: 14339 characters
[2026-06-10 17:33:20] Starting LOCAL integration (no AI needed)...
[2026-06-10 17:33:20] Starting LOCAL rule-based integration...
[2026-06-10 17:33:20] Step 0: Checking for conflicts and renaming if needed...
[2026-06-10 17:33:20]   No conflicts found
[2026-06-10 17:33:20] Step 1: Adding library include...
[2026-06-10 17:33:20] SUCCESS: Library include added after includes
[2026-06-10 17:33:20] Step 2: Adding input parameters at global scope...
[2026-06-10 17:33:20] SUCCESS: Input parameters added at global scope
[2026-06-10 17:33:20] Step 3: Adding OnInit integration...
[2026-06-10 17:33:20] SUCCESS: OnInit integration added
[2026-06-10 17:33:20] Step 4: Adding OnTick integration...
[2026-06-10 17:33:20] SUCCESS: OnTick integration added
[2026-06-10 17:33:20] Step 5: Adding trade filtering (if standard patterns found)...
[2026-06-10 17:33:20]   Skipping automatic trade filter insertion
[2026-06-10 17:33:20]   (Will provide manual instructions in README)
[2026-06-10 17:33:20] Step 6: Adding OnDeinit integration...
[2026-06-10 17:33:20] SUCCESS: OnDeinit integration added
[2026-06-10 17:33:20] Step 7: Updating version number...
[2026-06-10 17:33:20] SUCCESS: Version updated: 15.10 → 15.11
[2026-06-10 17:33:20] ERROR: Exception during processing: name 'conflicts' is not defined
